// Jest Snapshot v1, https://goo.gl/fbAQLP

exports[`<Input /> Snapshot should match snapshot 1`] = `
.emotion-2 {
  position: relative;
  display: -webkit-box;
  display: -webkit-flex;
  display: -ms-flexbox;
  display: flex;
  -webkit-align-items: center;
  -webkit-box-align: center;
  -ms-flex-align: center;
  align-items: center;
  -webkit-transition: all 100ms ease-in-out;
  transition: all 100ms ease-in-out;
  background: #fff;
  border-radius: 0.375rem;
  width: 100%;
}

.emotion-0 {
  color: #494c4c;
  width: 100%;
  -webkit-flex: 1 1 0%;
  -ms-flex: 1 1 0%;
  flex: 1 1 0%;
  box-sizing: border-box;
  border: solid 1px transparent;
  background: transparent;
  font-family: Lato,Helvetica Neue,Helvetica,Arial,sans-serif;
  min-width: 0;
  font-size: 1rem;
  height: 40px;
  padding-left: 0.75rem;
  padding-right: 0.75rem;
  -webkit-transition: all 100ms ease-in-out;
  transition: all 100ms ease-in-out;
}

@media screen and (min-width:601px) {
  .emotion-0 {
    font-size: 0.875rem;
    height: 36px;
  }
}

.emotion-0::-webkit-input-placeholder {
  color: #abb3b3;
}

.emotion-0::-moz-placeholder {
  color: #abb3b3;
}

.emotion-0:-ms-input-placeholder {
  color: #abb3b3;
}

.emotion-0::placeholder {
  color: #abb3b3;
}

.emotion-0:disabled {
  opacity: 1;
}

.emotion-0:focus {
  outline: none;
}

.emotion-0:active {
  outline: none;
}

.emotion-0:not([disabled]):not([readonly]):hover + div {
  border-color: #9ba0ab;
}

.emotion-0:not([disabled]):not([readonly]):focus + div {
  border-color: #2875c6;
}

.emotion-0:not([disabled]):not([readonly]):active + div {
  border-color: #2875c6;
}

.emotion-1 {
  position: absolute;
  top: 0;
  bottom: 0;
  left: 0;
  right: 0;
  pointer-events: none;
  border-radius: 0.1875rem;
  background: transparent;
  box-shadow: inset 0 0.0625rem 0.125rem rgba(56,61,61,0.1);
  border: solid 1px #c4cacc;
  -webkit-transition: border-color 100ms ease-in-out;
  transition: border-color 100ms ease-in-out;
}

<div
  className="emotion-2"
>
  <input
    className="emotion-0"
    id="username"
    name="username"
    placeholder="Placeholder text"
  />
  <div
    className="emotion-1"
  />
</div>
`;
