// Jest Snapshot v1, https://goo.gl/fbAQLP

exports[`<Radio /> Snapshots renders a Radio with a label and description correctly 1`] = `
.emotion-8 {
  margin: 0;
  font-size: 1rem;
  line-height: 1.125rem;
  font-weight: 700;
  color: #0c0d0d;
  font-weight: 700;
  display: -webkit-box;
  display: -webkit-flex;
  display: -ms-flexbox;
  display: flex;
}

@media screen and (min-width:601px) {
  .emotion-8 {
    font-size: 0.875rem;
  }
}

.emotion-6 {
  position: relative;
  line-height: 1rem;
}

.emotion-0 {
  position: absolute;
  width: 18px;
  height: 18px;
  top: 0;
  left: 0;
  opacity: 0;
  padding: 0;
  margin: 0;
  z-index: 1;
}

@media screen and (min-width:601px) {
  .emotion-0 {
    width: 16px;
    height: 16px;
  }
}

.emotion-0:checked + .emotion-5 {
  background: #2875c6;
  border-color: #1d5794;
}

.emotion-0:not(:checked) + .emotion-5 > .emotion-3 {
  display: none;
}

.emotion-0:focus + .emotion-5 {
  box-shadow: 0 0 0 1px #fff,0 0 0 3px #2875c6;
}

.emotion-0[disabled] + .emotion-5 {
  opacity: 0.5;
  box-shadow: none;
}

.emotion-4 {
  position: relative;
  width: 1rem;
  height: 1rem;
  width: 18px;
  height: 18px;
  -webkit-flex: 0 0 auto;
  -ms-flex: 0 0 auto;
  flex: 0 0 auto;
  border-radius: 50%;
  background-color: transparent;
  border: solid 1px #abb3b3;
  box-sizing: border-box;
  overflow: hidden;
  background: #fff linear-gradient(180deg,#fff,#f3f3f3);
  margin-right: 0.75rem;
}

@media screen and (min-width:601px) {
  .emotion-4 {
    width: 16px;
    height: 16px;
  }
}

.emotion-2 {
  position: absolute;
  top: 50%;
  left: 50%;
  -webkit-transform: translate(-50%,-50%);
  -ms-transform: translate(-50%,-50%);
  transform: translate(-50%,-50%);
  width: 7px;
  height: 7px;
  border-radius: 50%;
  background: #fff linear-gradient(180deg,#fff,#f3f3f3);
}

@media screen and (min-width:601px) {
  .emotion-2 {
    width: 6px;
    height: 6px;
  }
}

.emotion-10 {
  margin: 0;
  margin-left: 1.85rem;
  font-size: 0.875rem;
  line-height: 1.125rem;
}

@media screen and (min-width:601px) {
  .emotion-10 {
    margin-left: 1.75rem;
  }
}

<div
  className="emotion-12 emotion-13"
>
  <label
    className="emotion-8 emotion-9"
    color="textHeading"
    fontSize={
      Array [
        "text",
        "text-s",
      ]
    }
    fontWeight="bold"
    htmlFor="Radio"
  >
    <div
      className="emotion-6 emotion-7"
    >
      <input
        checked={false}
        className="emotion-0 emotion-1"
        height={
          Array [
            "18px",
            "16px",
          ]
        }
        id="Radio"
        onChange={[MockFunction]}
        type="radio"
        value="value"
        width={
          Array [
            "18px",
            "16px",
          ]
        }
      />
      <div
        className="emotion-4 emotion-5"
        height={
          Array [
            "18px",
            "16px",
          ]
        }
        width={
          Array [
            "18px",
            "16px",
          ]
        }
      >
        <div
          className="emotion-2 emotion-3"
          data-testid="radio-centermark"
          height={
            Array [
              "7px",
              "6px",
            ]
          }
          width={
            Array [
              "7px",
              "6px",
            ]
          }
        />
      </div>
    </div>
    Label
  </label>
  <div
    className="emotion-10 emotion-11"
    size="small"
  >
    Description
  </div>
</div>
`;

exports[`<Radio /> Snapshots renders a checked Radio correctly 1`] = `
.emotion-8 {
  margin: 0;
  font-size: 1rem;
  line-height: 1.125rem;
  font-weight: 700;
  color: #0c0d0d;
  font-weight: 700;
  display: -webkit-box;
  display: -webkit-flex;
  display: -ms-flexbox;
  display: flex;
}

@media screen and (min-width:601px) {
  .emotion-8 {
    font-size: 0.875rem;
  }
}

.emotion-6 {
  position: relative;
  line-height: 1rem;
}

.emotion-0 {
  position: absolute;
  width: 18px;
  height: 18px;
  top: 0;
  left: 0;
  opacity: 0;
  padding: 0;
  margin: 0;
  z-index: 1;
}

@media screen and (min-width:601px) {
  .emotion-0 {
    width: 16px;
    height: 16px;
  }
}

.emotion-0:checked + .emotion-5 {
  background: #2875c6;
  border-color: #1d5794;
}

.emotion-0:not(:checked) + .emotion-5 > .emotion-3 {
  display: none;
}

.emotion-0:focus + .emotion-5 {
  box-shadow: 0 0 0 1px #fff,0 0 0 3px #2875c6;
}

.emotion-0[disabled] + .emotion-5 {
  opacity: 0.5;
  box-shadow: none;
}

.emotion-4 {
  position: relative;
  width: 1rem;
  height: 1rem;
  width: 18px;
  height: 18px;
  -webkit-flex: 0 0 auto;
  -ms-flex: 0 0 auto;
  flex: 0 0 auto;
  border-radius: 50%;
  background-color: transparent;
  border: solid 1px #abb3b3;
  box-sizing: border-box;
  overflow: hidden;
  background: #fff linear-gradient(180deg,#fff,#f3f3f3);
  margin-right: 0.75rem;
}

@media screen and (min-width:601px) {
  .emotion-4 {
    width: 16px;
    height: 16px;
  }
}

.emotion-2 {
  position: absolute;
  top: 50%;
  left: 50%;
  -webkit-transform: translate(-50%,-50%);
  -ms-transform: translate(-50%,-50%);
  transform: translate(-50%,-50%);
  width: 7px;
  height: 7px;
  border-radius: 50%;
  background: #fff linear-gradient(180deg,#fff,#f3f3f3);
}

@media screen and (min-width:601px) {
  .emotion-2 {
    width: 6px;
    height: 6px;
  }
}

<div
  className="emotion-10 emotion-11"
>
  <label
    className="emotion-8 emotion-9"
    color="textHeading"
    fontSize={
      Array [
        "text",
        "text-s",
      ]
    }
    fontWeight="bold"
    htmlFor="Radio"
  >
    <div
      className="emotion-6 emotion-7"
    >
      <input
        checked={true}
        className="emotion-0 emotion-1"
        height={
          Array [
            "18px",
            "16px",
          ]
        }
        id="Radio"
        onChange={[MockFunction]}
        type="radio"
        value="value"
        width={
          Array [
            "18px",
            "16px",
          ]
        }
      />
      <div
        className="emotion-4 emotion-5"
        height={
          Array [
            "18px",
            "16px",
          ]
        }
        width={
          Array [
            "18px",
            "16px",
          ]
        }
      >
        <div
          className="emotion-2 emotion-3"
          data-testid="radio-centermark"
          height={
            Array [
              "7px",
              "6px",
            ]
          }
          width={
            Array [
              "7px",
              "6px",
            ]
          }
        />
      </div>
    </div>
  </label>
</div>
`;

exports[`<Radio /> Snapshots renders a disabled Radio correctly 1`] = `
.emotion-8 {
  margin: 0;
  font-size: 1rem;
  line-height: 1.125rem;
  font-weight: 700;
  color: #0c0d0d;
  font-weight: 700;
  display: -webkit-box;
  display: -webkit-flex;
  display: -ms-flexbox;
  display: flex;
}

@media screen and (min-width:601px) {
  .emotion-8 {
    font-size: 0.875rem;
  }
}

.emotion-6 {
  position: relative;
  line-height: 1rem;
}

.emotion-0 {
  position: absolute;
  width: 18px;
  height: 18px;
  top: 0;
  left: 0;
  opacity: 0;
  padding: 0;
  margin: 0;
  z-index: 1;
}

@media screen and (min-width:601px) {
  .emotion-0 {
    width: 16px;
    height: 16px;
  }
}

.emotion-0:checked + .emotion-5 {
  background: #2875c6;
  border-color: #1d5794;
}

.emotion-0:not(:checked) + .emotion-5 > .emotion-3 {
  display: none;
}

.emotion-0:focus + .emotion-5 {
  box-shadow: 0 0 0 1px #fff,0 0 0 3px #2875c6;
}

.emotion-0[disabled] + .emotion-5 {
  opacity: 0.5;
  box-shadow: none;
}

.emotion-4 {
  position: relative;
  width: 1rem;
  height: 1rem;
  width: 18px;
  height: 18px;
  -webkit-flex: 0 0 auto;
  -ms-flex: 0 0 auto;
  flex: 0 0 auto;
  border-radius: 50%;
  background-color: transparent;
  border: solid 1px #abb3b3;
  box-sizing: border-box;
  overflow: hidden;
  background: #fff linear-gradient(180deg,#fff,#f3f3f3);
  margin-right: 0.75rem;
}

@media screen and (min-width:601px) {
  .emotion-4 {
    width: 16px;
    height: 16px;
  }
}

.emotion-2 {
  position: absolute;
  top: 50%;
  left: 50%;
  -webkit-transform: translate(-50%,-50%);
  -ms-transform: translate(-50%,-50%);
  transform: translate(-50%,-50%);
  width: 7px;
  height: 7px;
  border-radius: 50%;
  background: #fff linear-gradient(180deg,#fff,#f3f3f3);
}

@media screen and (min-width:601px) {
  .emotion-2 {
    width: 6px;
    height: 6px;
  }
}

<div
  className="emotion-10 emotion-11"
>
  <label
    className="emotion-8 emotion-9"
    color="textHeading"
    fontSize={
      Array [
        "text",
        "text-s",
      ]
    }
    fontWeight="bold"
    htmlFor="Radio"
  >
    <div
      className="emotion-6 emotion-7"
    >
      <input
        checked={false}
        className="emotion-0 emotion-1"
        disabled={true}
        height={
          Array [
            "18px",
            "16px",
          ]
        }
        id="Radio"
        onChange={[MockFunction]}
        type="radio"
        value="value"
        width={
          Array [
            "18px",
            "16px",
          ]
        }
      />
      <div
        className="emotion-4 emotion-5"
        height={
          Array [
            "18px",
            "16px",
          ]
        }
        width={
          Array [
            "18px",
            "16px",
          ]
        }
      >
        <div
          className="emotion-2 emotion-3"
          data-testid="radio-centermark"
          height={
            Array [
              "7px",
              "6px",
            ]
          }
          width={
            Array [
              "7px",
              "6px",
            ]
          }
        />
      </div>
    </div>
  </label>
</div>
`;

exports[`<Radio /> Snapshots renders a simple Radio correctly 1`] = `
.emotion-8 {
  margin: 0;
  font-size: 1rem;
  line-height: 1.125rem;
  font-weight: 700;
  color: #0c0d0d;
  font-weight: 700;
  display: -webkit-box;
  display: -webkit-flex;
  display: -ms-flexbox;
  display: flex;
}

@media screen and (min-width:601px) {
  .emotion-8 {
    font-size: 0.875rem;
  }
}

.emotion-6 {
  position: relative;
  line-height: 1rem;
}

.emotion-0 {
  position: absolute;
  width: 18px;
  height: 18px;
  top: 0;
  left: 0;
  opacity: 0;
  padding: 0;
  margin: 0;
  z-index: 1;
}

@media screen and (min-width:601px) {
  .emotion-0 {
    width: 16px;
    height: 16px;
  }
}

.emotion-0:checked + .emotion-5 {
  background: #2875c6;
  border-color: #1d5794;
}

.emotion-0:not(:checked) + .emotion-5 > .emotion-3 {
  display: none;
}

.emotion-0:focus + .emotion-5 {
  box-shadow: 0 0 0 1px #fff,0 0 0 3px #2875c6;
}

.emotion-0[disabled] + .emotion-5 {
  opacity: 0.5;
  box-shadow: none;
}

.emotion-4 {
  position: relative;
  width: 1rem;
  height: 1rem;
  width: 18px;
  height: 18px;
  -webkit-flex: 0 0 auto;
  -ms-flex: 0 0 auto;
  flex: 0 0 auto;
  border-radius: 50%;
  background-color: transparent;
  border: solid 1px #abb3b3;
  box-sizing: border-box;
  overflow: hidden;
  background: #fff linear-gradient(180deg,#fff,#f3f3f3);
  margin-right: 0.75rem;
}

@media screen and (min-width:601px) {
  .emotion-4 {
    width: 16px;
    height: 16px;
  }
}

.emotion-2 {
  position: absolute;
  top: 50%;
  left: 50%;
  -webkit-transform: translate(-50%,-50%);
  -ms-transform: translate(-50%,-50%);
  transform: translate(-50%,-50%);
  width: 7px;
  height: 7px;
  border-radius: 50%;
  background: #fff linear-gradient(180deg,#fff,#f3f3f3);
}

@media screen and (min-width:601px) {
  .emotion-2 {
    width: 6px;
    height: 6px;
  }
}

<div
  className="emotion-10 emotion-11"
>
  <label
    className="emotion-8 emotion-9"
    color="textHeading"
    fontSize={
      Array [
        "text",
        "text-s",
      ]
    }
    fontWeight="bold"
  >
    <div
      className="emotion-6 emotion-7"
    >
      <input
        checked={false}
        className="emotion-0 emotion-1"
        height={
          Array [
            "18px",
            "16px",
          ]
        }
        onChange={[MockFunction]}
        type="radio"
        width={
          Array [
            "18px",
            "16px",
          ]
        }
      />
      <div
        className="emotion-4 emotion-5"
        height={
          Array [
            "18px",
            "16px",
          ]
        }
        width={
          Array [
            "18px",
            "16px",
          ]
        }
      >
        <div
          className="emotion-2 emotion-3"
          data-testid="radio-centermark"
          height={
            Array [
              "7px",
              "6px",
            ]
          }
          width={
            Array [
              "7px",
              "6px",
            ]
          }
        />
      </div>
    </div>
  </label>
</div>
`;
