// Jest Snapshot v1, https://goo.gl/fbAQLP

exports[`Select renders correctly 1`] = `
.emotion-0 {
  width: 100%;
  border: 1px solid #c4cacc;
  border-radius: 0.1875rem;
  color: #494c4c;
  font-size: 1.125rem;
  font-family: Lato,Helvetica Neue,Helvetica,Arial,sans-serif;
  font-weight: 700;
  height: 3rem;
  background-color: #fff;
  line-height: 1.125rem;
  background-image: url("data:image/svg+xml,%3Csvg xmlns='http://www.w3.org/2000/svg' viewBox='0 0 16 16' width='24' height='24' fill='%23494c4c'%3E%3Cg id='chevron-up-down'%3E%3Cpath id='base-1' d='M8 12l2-2 1 1-3 3-3-3 1-1 2 2zm0-8L6 6 5 5l3-3 3 3-1 1-2-2z'/%3E%3C/g%3E%3C/svg%3E"),linear-gradient(180deg,#fff,#f3f3f3);
  -webkit-appearance: none;
  -moz-appearance: none;
  appearance: none;
  background-repeat: no-repeat;
  background-position: right 0.375rem center,center;
  z-index: 2;
  padding-top: 0;
  padding-right: 1.5rem;
  padding-bottom: 0;
  padding-left: 0.75rem;
}

@media screen and (min-width:601px) {
  .emotion-0 {
    font-size: 0.875rem;
    height: 2.25rem;
    background-image: url("data:image/svg+xml,%3Csvg xmlns='http://www.w3.org/2000/svg' viewBox='0 0 16 16' width='16' height='16' fill='%23494c4c'%3E%3Cg id='chevron-up-down'%3E%3Cpath id='base-1' d='M8 12l2-2 1 1-3 3-3-3 1-1 2 2zm0-8L6 6 5 5l3-3 3 3-1 1-2-2z'/%3E%3C/g%3E%3C/svg%3E"),linear-gradient(180deg,#fff,#f3f3f3);
  }
}

.emotion-0:focus {
  outline: none;
  border-color: #2875c6;
}

.emotion-0:disabled {
  color: #848a8a;
  background-color: #f3f3f3;
  box-shadow: none;
  opacity: 0.5;
}

.emotion-0::-ms-expand {
  display: none;
}

.emotion-0:-moz-focusring {
  color: transparent;
  text-shadow: 0 0 0 #494c4c;
}

<select
  className="emotion-0 emotion-1"
  id="select-id"
  name="select-name"
>
  <option
    value="1"
  >
    Option 1
  </option>
  <option
    disabled={true}
    value="2"
  >
    Option 2 (disabled)
  </option>
  <option
    value="3"
  >
    Option 3
  </option>
  <optgroup
    label="Option group"
  >
    <option
      value="4"
    >
      Option 4
    </option>
    <option
      value="5"
    >
      Option 5
    </option>
    <option
      value="6"
    >
      Option 6
    </option>
  </optgroup>
</select>
`;
